MPLINK 5.09, LINKER
Linker Map File - Created Sun Nov 29 22:22:08 2020

                                 Section Info
                  Section       Type    Address   Location Size(Bytes)
                ---------  ---------  ---------  ---------  ---------
            START_PROGRAM       code   0x000000    program   0x000008
                 ISR_FILE       code   0x000004    program   0x00002c
                   .cinit    romdata   0x00001a    program   0x000004
               USART_FILE       code   0x00001c    program   0x000090
                MAIN_FILE       code   0x000064    program   0x00005a
                 ADC_FILE       code   0x000091    program   0x000038
                TMR1_FILE       code   0x0000ad    program   0x000012
.config_2007_BUILD/DEFAULT/PRODUCTION/SRC/MAI       code   0x002007    program   0x000002
                   .udata      udata   0x000021       data   0x000001
              SHARED_REGS      udata   0x000070       data   0x000007



                              Program Memory Usage 
                               Start         End      
                           ---------   ---------      
                            0x000000    0x0000b5      
                            0x002007    0x002007      
            183 out of 8454 program addresses used, program memory utilization is 2%



                              Symbols - Sorted by Name
                     Name    Address   Location    Storage File                     
                ---------  ---------  ---------  --------- ---------                
               ADC_Config   0x000091    program     extern src\adc.asm              
            ADIF_Callback   0x00009a    program     extern src\adc.asm              
              ADIF_status   0x00000e    program     static src\isr.asm              
       CONVERSION_REQUEST   0x000058    program     static src\usart.asm            
            EXIT_CALLBACK   0x00005e    program     static src\usart.asm            
          LOAD_PROMPT_RAM   0x00006d    program     static src\main.asm             
     Lire_Tension_Polling   0x00009e    program     extern src\adc.asm              
              MAIN_Config   0x000064    program     static src\main.asm             
         PRINT_PROMPT_MSG   0x000083    program     static src\main.asm             
            RCIF_Callback   0x000030    program     extern src\usart.asm            
              RCIF_status   0x000007    program     static src\isr.asm              
       SET_AUTOMATIC_MODE   0x00004c    program     static src\usart.asm            
          SET_MANUAL_MODE   0x000052    program     static src\usart.asm            
                START_ADC   0x0000a6    program     extern src\adc.asm              
          TEST_IF_A_LOWER   0x000038    program     static src\usart.asm            
          TEST_IF_A_UPPER   0x000034    program     static src\usart.asm            
          TEST_IF_D_LOWER   0x000048    program     static src\usart.asm            
          TEST_IF_D_UPPER   0x000044    program     static src\usart.asm            
          TEST_IF_R_LOWER   0x000040    program     static src\usart.asm            
          TEST_IF_R_UPPER   0x00003c    program     static src\usart.asm            
                TEST_TXIF   0x000088    program     static src\main.asm             
             TMR1F_status   0x00000d    program     static src\isr.asm              
          TMR1IF_Callback   0x0000b2    program     extern src\tmr1.asm             
              TMR1_Config   0x0000ad    program     extern src\tmr1.asm             
            TXIF_Callback   0x00005f    program     extern src\usart.asm            
              TXIF_status   0x00000f    program     static src\isr.asm              
             USART_Config   0x00001c    program     extern src\usart.asm            
                     main   0x00008f    program     static src\main.asm             
                      non   0x0000a1    program     static src\adc.asm              
                      oui   0x0000a3    program     static src\adc.asm              
                    start   0x0000a0    program     static src\adc.asm              
               ADC_RESULT   0x000072       data     extern src\main.asm             
             CURRENT_MODE   0x000075       data     extern src\main.asm             
             MODE_REQUEST   0x000076       data     extern src\main.asm             
           PTR_PROMPT_MSG   0x000021       data     extern src\usart.asm            
              STATUS_TEMP   0x000071       data     extern src\main.asm             
             TMR1_V_COUNT   0x000073       data     extern src\main.asm             
            TX_CHAR_COUNT   0x000074       data     extern src\main.asm             
                   W_TEMP   0x000070       data     extern src\main.asm             



                              Symbols - Sorted by Address
                     Name    Address   Location    Storage File                     
                ---------  ---------  ---------  --------- ---------                
              RCIF_status   0x000007    program     static src\isr.asm              
             TMR1F_status   0x00000d    program     static src\isr.asm              
              ADIF_status   0x00000e    program     static src\isr.asm              
              TXIF_status   0x00000f    program     static src\isr.asm              
             USART_Config   0x00001c    program     extern src\usart.asm            
            RCIF_Callback   0x000030    program     extern src\usart.asm            
          TEST_IF_A_UPPER   0x000034    program     static src\usart.asm            
          TEST_IF_A_LOWER   0x000038    program     static src\usart.asm            
          TEST_IF_R_UPPER   0x00003c    program     static src\usart.asm            
          TEST_IF_R_LOWER   0x000040    program     static src\usart.asm            
          TEST_IF_D_UPPER   0x000044    program     static src\usart.asm            
          TEST_IF_D_LOWER   0x000048    program     static src\usart.asm            
       SET_AUTOMATIC_MODE   0x00004c    program     static src\usart.asm            
          SET_MANUAL_MODE   0x000052    program     static src\usart.asm            
       CONVERSION_REQUEST   0x000058    program     static src\usart.asm            
            EXIT_CALLBACK   0x00005e    program     static src\usart.asm            
            TXIF_Callback   0x00005f    program     extern src\usart.asm            
              MAIN_Config   0x000064    program     static src\main.asm             
          LOAD_PROMPT_RAM   0x00006d    program     static src\main.asm             
         PRINT_PROMPT_MSG   0x000083    program     static src\main.asm             
                TEST_TXIF   0x000088    program     static src\main.asm             
                     main   0x00008f    program     static src\main.asm             
               ADC_Config   0x000091    program     extern src\adc.asm              
            ADIF_Callback   0x00009a    program     extern src\adc.asm              
     Lire_Tension_Polling   0x00009e    program     extern src\adc.asm              
                    start   0x0000a0    program     static src\adc.asm              
                      non   0x0000a1    program     static src\adc.asm              
                      oui   0x0000a3    program     static src\adc.asm              
                START_ADC   0x0000a6    program     extern src\adc.asm              
              TMR1_Config   0x0000ad    program     extern src\tmr1.asm             
          TMR1IF_Callback   0x0000b2    program     extern src\tmr1.asm             
           PTR_PROMPT_MSG   0x000021       data     extern src\usart.asm            
                   W_TEMP   0x000070       data     extern src\main.asm             
              STATUS_TEMP   0x000071       data     extern src\main.asm             
               ADC_RESULT   0x000072       data     extern src\main.asm             
             TMR1_V_COUNT   0x000073       data     extern src\main.asm             
            TX_CHAR_COUNT   0x000074       data     extern src\main.asm             
             CURRENT_MODE   0x000075       data     extern src\main.asm             
             MODE_REQUEST   0x000076       data     extern src\main.asm             


