MPLINK 5.09, LINKER
Linker Map File - Created Thu Nov 26 14:43:04 2020

                                 Section Info
                  Section       Type    Address   Location Size(Bytes)
                ---------  ---------  ---------  ---------  ---------
                   .org_0       code   0x000000    program   0x000004
                   .cinit    romdata   0x000002    program   0x000004
                   .org_1       code   0x000004    program   0x0000e6
.config_2007_BUILD/DEFAULT/PRODUCTION/SYSTEME       code   0x002007    program   0x000002



                              Program Memory Usage 
                               Start         End      
                           ---------   ---------      
                            0x000000    0x000076      
                            0x002007    0x002007      
            120 out of 8454 program addresses used, program memory utilization is 1%



                              Symbols - Sorted by Name
                     Name    Address   Location    Storage File                     
                ---------  ---------  ---------  --------- ---------                
               ADC_config   0x000013    program     static C:\Users\idontseeit\Desktop\Justins_Files\school\Master_MNE\microcontroleur\PIC-assembly-ADC\projet.X\systeme_acq.asm
            ADIF_Callback   0x00004d    program     static C:\Users\idontseeit\Desktop\Justins_Files\school\Master_MNE\microcontroleur\PIC-assembly-ADC\projet.X\systeme_acq.asm
              ADIF_status   0x000009    program     static C:\Users\idontseeit\Desktop\Justins_Files\school\Master_MNE\microcontroleur\PIC-assembly-ADC\projet.X\systeme_acq.asm
          LOAD_PROMPT_RAM   0x000057    program     static C:\Users\idontseeit\Desktop\Justins_Files\school\Master_MNE\microcontroleur\PIC-assembly-ADC\projet.X\systeme_acq.asm
     Lire_Tension_Polling   0x00006e    program     static C:\Users\idontseeit\Desktop\Justins_Files\school\Master_MNE\microcontroleur\PIC-assembly-ADC\projet.X\systeme_acq.asm
         PRINT_PROMPT_MSG   0x000035    program     static C:\Users\idontseeit\Desktop\Justins_Files\school\Master_MNE\microcontroleur\PIC-assembly-ADC\projet.X\systeme_acq.asm
            RXIF_Callback   0x000043    program     static C:\Users\idontseeit\Desktop\Justins_Files\school\Master_MNE\microcontroleur\PIC-assembly-ADC\projet.X\systeme_acq.asm
              RXIF_status   0x000007    program     static C:\Users\idontseeit\Desktop\Justins_Files\school\Master_MNE\microcontroleur\PIC-assembly-ADC\projet.X\systeme_acq.asm
                TEST_TXIF   0x00003b    program     static C:\Users\idontseeit\Desktop\Justins_Files\school\Master_MNE\microcontroleur\PIC-assembly-ADC\projet.X\systeme_acq.asm
             TMR1F_status   0x000008    program     static C:\Users\idontseeit\Desktop\Justins_Files\school\Master_MNE\microcontroleur\PIC-assembly-ADC\projet.X\systeme_acq.asm
          TMR1IF_Callback   0x000048    program     static C:\Users\idontseeit\Desktop\Justins_Files\school\Master_MNE\microcontroleur\PIC-assembly-ADC\projet.X\systeme_acq.asm
            TXIF_Callback   0x000052    program     static C:\Users\idontseeit\Desktop\Justins_Files\school\Master_MNE\microcontroleur\PIC-assembly-ADC\projet.X\systeme_acq.asm
              TXIF_status   0x00000a    program     static C:\Users\idontseeit\Desktop\Justins_Files\school\Master_MNE\microcontroleur\PIC-assembly-ADC\projet.X\systeme_acq.asm
            Timer1_config   0x00002f    program     static C:\Users\idontseeit\Desktop\Justins_Files\school\Master_MNE\microcontroleur\PIC-assembly-ADC\projet.X\systeme_acq.asm
             USART_config   0x00001b    program     static C:\Users\idontseeit\Desktop\Justins_Files\school\Master_MNE\microcontroleur\PIC-assembly-ADC\projet.X\systeme_acq.asm
                     main   0x000075    program     static C:\Users\idontseeit\Desktop\Justins_Files\school\Master_MNE\microcontroleur\PIC-assembly-ADC\projet.X\systeme_acq.asm
                      non   0x000071    program     static C:\Users\idontseeit\Desktop\Justins_Files\school\Master_MNE\microcontroleur\PIC-assembly-ADC\projet.X\systeme_acq.asm
                      oui   0x000073    program     static C:\Users\idontseeit\Desktop\Justins_Files\school\Master_MNE\microcontroleur\PIC-assembly-ADC\projet.X\systeme_acq.asm
                    start   0x000070    program     static C:\Users\idontseeit\Desktop\Justins_Files\school\Master_MNE\microcontroleur\PIC-assembly-ADC\projet.X\systeme_acq.asm



                              Symbols - Sorted by Address
                     Name    Address   Location    Storage File                     
                ---------  ---------  ---------  --------- ---------                
              RXIF_status   0x000007    program     static C:\Users\idontseeit\Desktop\Justins_Files\school\Master_MNE\microcontroleur\PIC-assembly-ADC\projet.X\systeme_acq.asm
             TMR1F_status   0x000008    program     static C:\Users\idontseeit\Desktop\Justins_Files\school\Master_MNE\microcontroleur\PIC-assembly-ADC\projet.X\systeme_acq.asm
              ADIF_status   0x000009    program     static C:\Users\idontseeit\Desktop\Justins_Files\school\Master_MNE\microcontroleur\PIC-assembly-ADC\projet.X\systeme_acq.asm
              TXIF_status   0x00000a    program     static C:\Users\idontseeit\Desktop\Justins_Files\school\Master_MNE\microcontroleur\PIC-assembly-ADC\projet.X\systeme_acq.asm
               ADC_config   0x000013    program     static C:\Users\idontseeit\Desktop\Justins_Files\school\Master_MNE\microcontroleur\PIC-assembly-ADC\projet.X\systeme_acq.asm
             USART_config   0x00001b    program     static C:\Users\idontseeit\Desktop\Justins_Files\school\Master_MNE\microcontroleur\PIC-assembly-ADC\projet.X\systeme_acq.asm
            Timer1_config   0x00002f    program     static C:\Users\idontseeit\Desktop\Justins_Files\school\Master_MNE\microcontroleur\PIC-assembly-ADC\projet.X\systeme_acq.asm
         PRINT_PROMPT_MSG   0x000035    program     static C:\Users\idontseeit\Desktop\Justins_Files\school\Master_MNE\microcontroleur\PIC-assembly-ADC\projet.X\systeme_acq.asm
                TEST_TXIF   0x00003b    program     static C:\Users\idontseeit\Desktop\Justins_Files\school\Master_MNE\microcontroleur\PIC-assembly-ADC\projet.X\systeme_acq.asm
            RXIF_Callback   0x000043    program     static C:\Users\idontseeit\Desktop\Justins_Files\school\Master_MNE\microcontroleur\PIC-assembly-ADC\projet.X\systeme_acq.asm
          TMR1IF_Callback   0x000048    program     static C:\Users\idontseeit\Desktop\Justins_Files\school\Master_MNE\microcontroleur\PIC-assembly-ADC\projet.X\systeme_acq.asm
            ADIF_Callback   0x00004d    program     static C:\Users\idontseeit\Desktop\Justins_Files\school\Master_MNE\microcontroleur\PIC-assembly-ADC\projet.X\systeme_acq.asm
            TXIF_Callback   0x000052    program     static C:\Users\idontseeit\Desktop\Justins_Files\school\Master_MNE\microcontroleur\PIC-assembly-ADC\projet.X\systeme_acq.asm
          LOAD_PROMPT_RAM   0x000057    program     static C:\Users\idontseeit\Desktop\Justins_Files\school\Master_MNE\microcontroleur\PIC-assembly-ADC\projet.X\systeme_acq.asm
     Lire_Tension_Polling   0x00006e    program     static C:\Users\idontseeit\Desktop\Justins_Files\school\Master_MNE\microcontroleur\PIC-assembly-ADC\projet.X\systeme_acq.asm
                    start   0x000070    program     static C:\Users\idontseeit\Desktop\Justins_Files\school\Master_MNE\microcontroleur\PIC-assembly-ADC\projet.X\systeme_acq.asm
                      non   0x000071    program     static C:\Users\idontseeit\Desktop\Justins_Files\school\Master_MNE\microcontroleur\PIC-assembly-ADC\projet.X\systeme_acq.asm
                      oui   0x000073    program     static C:\Users\idontseeit\Desktop\Justins_Files\school\Master_MNE\microcontroleur\PIC-assembly-ADC\projet.X\systeme_acq.asm
                     main   0x000075    program     static C:\Users\idontseeit\Desktop\Justins_Files\school\Master_MNE\microcontroleur\PIC-assembly-ADC\projet.X\systeme_acq.asm


